   Ôû▓ Next.js 15.5.9
   - Environments: .env.local

   Creating an optimized production build ...
 Ô£ô Compiled successfully in 27.2s
   Skipping linting
   Checking validity of types ...
   Collecting page data ...
   Generating static pages (0/6) ...
   Generating static pages (1/6) 
   Generating static pages (2/6) 
node.exe :  ÔÜá metadataBase property in metadata export is not set for 
resolving social open graph or twitter images, using "http://localhost:3000". 
See https://nextjs.org/docs/app/api-reference/functions/generate-metadata#metad
atabase
No C:\Users\willi\Documents\GitHub\PROJECT_JARVIS_5.0\frontend\node_modules\.bi
n\next.ps1:36 caractere:5
+     & "node$exe"  "$basedir/../next/dist/bin/next" $args
+     ~~~~~~~~~~~~~~~~~~~~~~~~~~~~~~~~~~~~~~~~~~~~~~~~~~~~
    + CategoryInfo          : NotSpecified: ( ÔÜá metadataBa...ta#metadatabase 
   :String) [], RemoteException
    + FullyQualifiedErrorId : NativeCommandError
 
TypeError: a[d] is not a function
    at Object.c [as require] (C:\Users\willi\Documents\GitHub\PROJECT_JARVIS_5.
0\frontend\.next\server\webpack-runtime.js:1:127)
Error occurred prerendering page "/". Read more: 
https://nextjs.org/docs/messages/prerender-error
TypeError: a[d] is not a function
    at Object.c [as require] (C:\Users\willi\Documents\GitHub\PROJECT_JARVIS_5.
0\frontend\.next\server\webpack-runtime.js:1:127)
Export encountered an error on /page: /, exiting the build.
 Ô¿» Next.js build worker exited with code: 1 and signal: null
