.\venv\Scripts\python.exe : Traceback (most recent call last):
No linha:1 caractere:1
+ .\venv\Scripts\python.exe tests\test_final_complete.py > test_output. ...
+ ~~~~~~~~~~~~~~~~~~~~~~~~~~~~~~~~~~~~~~~~~~~~~~~~~~~~~~~~~~~~~~~~~~~~~
    + CategoryInfo          : NotSpecified: (Traceback (most recent call last)::String) [], RemoteException
    + FullyQualifiedErrorId : NativeCommandError
 
  File "C:\Users\willi\Documents\GitHub\PROJECT_JARVIS_5.0\tests\test_final_complete.py", line 525, in <module>
    success = run_all_tests()
              ^^^^^^^^^^^^^^^
  File "C:\Users\willi\Documents\GitHub\PROJECT_JARVIS_5.0\tests\test_final_complete.py", line 461, in run_all_tests
    print("\U0001f680 JARVIS Core - Suite de Testes Completa e Funcional")
  File "C:\Users\willi\AppData\Local\Programs\Python\Python311\Lib\encodings\cp1252.py", line 19, in encode
    return codecs.charmap_encode(input,self.errors,encoding_table)[0]
           ^^^^^^^^^^^^^^^^^^^^^^^^^^^^^^^^^^^^^^^^^^^^^^^^^^^^^^^
UnicodeEncodeError: 'charmap' codec can't encode character '\U0001f680' in position 0: character maps to <undefined>
